[2026-10-01T08:21:23Z] === ENRICH ITERATION 1 START | repo=block/qrgo sha=450bf830 ===
[2026-10-01T08:21:23Z] [iter=1] PHASE START: enrich repo=block/qrgo sha=450bf830 runlog=/home/runner/work/forx/forx/storage/aggregate/lsp/logs/450bf830-enrich-iter-001.log output=/home/runner/work/forx/forx/storage/aggregate/lsp/450bf8305aa4a11e56b380686839b41dfe2efcda.nq.gz
[2026-10-01T08:21:23Z] [iter=1] Step 1: Loading AST into disk-backed store mem_mb=78 MB
[2026-10-01T08:21:27Z] [iter=1] AST store loaded triples=358753 load_secs=4 mem_mb=595 MB
[2026-10-01T08:21:27Z] [iter=1] Step 2: Finding LSP targets mem_mb=595 MB
[2026-10-01T08:21:28Z] [iter=1] LSP targets found call_sites=2906 imports=90 extends=0 implements=0 secs=1
[2026-10-01T08:21:29Z] [iter=1] Step 2.7: Building position index (one-shot, shared across resolvers) mem_mb=595 MB
[2026-10-01T08:21:30Z] [iter=1] Position index built positions=20081 nodes_with_types=24712 secs=1 mem_mb=595 MB
[2026-10-01T08:21:30Z] [iter=1] Step 3: Starting LSP resolution mem_mb=595 MB already_completed_types=[] already_completed_files=0
[2026-10-01T08:21:30Z] [iter=1] Resolving target type target_type=call_site count=2906
[2026-10-01T08:22:01Z] [iter=1] HEARTBEAT target_type=call_site elapsed_min=0.6 files_done=2 resolved=30 errors=60 current=Tests/qrgoTests/MenuBarUpdateCoordinatorTests.swift
[2026-10-01T08:22:40Z] [iter=1] HEARTBEAT target_type=call_site elapsed_min=1.3 files_done=5 resolved=175 errors=292 current=Sources/qrgo/QRGoRunner.swift
[2026-10-01T08:23:17Z] [iter=1] HEARTBEAT target_type=call_site elapsed_min=1.9 files_done=7 resolved=211 errors=544 current=Tests/qrgoTests/ShellTests.swift
[2026-10-01T08:24:40Z] [iter=1] HEARTBEAT target_type=call_site elapsed_min=3.3 files_done=11 resolved=320 errors=722 current=Sources/qrgo/Helpers/IsolatedProcessRunner.swift
[2026-10-01T08:25:15Z] [iter=1] HEARTBEAT target_type=call_site elapsed_min=3.9 files_done=13 resolved=395 errors=883 current=Sources/qrgo/Helpers/AndroidEmulatorHelper.swift
[2026-10-01T08:25:49Z] [iter=1] HEARTBEAT target_type=call_site elapsed_min=4.4 files_done=15 resolved=493 errors=1091 current=Tests/qrgoTests/MenuBarRelaunchHelperTests.swift
[2026-10-01T08:26:43Z] [iter=1] HEARTBEAT target_type=call_site elapsed_min=5.3 files_done=20 resolved=528 errors=1273 current=Sources/qrgo/Helpers/MenuBarSettingsStore.swift
[2026-10-01T08:27:45Z] [iter=1] HEARTBEAT target_type=call_site elapsed_min=6.4 files_done=23 resolved=551 errors=1372 current=Sources/qrgo/Helpers/MenuBarInstanceLock.swift
[2026-10-01T08:28:16Z] [iter=1] HEARTBEAT target_type=call_site elapsed_min=6.9 files_done=32 resolved=674 errors=1510 current=Sources/qrgo/Helpers/URLSanitizer.swift
[2026-10-01T08:28:35Z] [iter=1] Target type resolved target_type=call_site resolved=736 errors=1579 secs=425 mem_mb=595 MB
[2026-10-01T08:28:35Z] [iter=1] Resolving target type target_type=import_statement count=90
[2026-10-01T08:28:46Z] [iter=1] HEARTBEAT target_type=import_statement elapsed_min=7.4 files_done=0 resolved=0 errors=0 current=Tests/qrgoTests/TargetActionTests.swift
[2026-10-01T08:29:10Z] [iter=1] Target type resolved target_type=import_statement resolved=47 errors=0 secs=35 mem_mb=595 MB
[2026-10-01T08:29:24Z] [iter=1] Step 5: Writing final enrichment file triples=21385
[2026-10-01T08:29:24Z] [iter=1] Enrichment file written path=/home/runner/work/forx/forx/storage/aggregate/lsp/450bf8305aa4a11e56b380686839b41dfe2efcda.nq.gz size_kb=420
[2026-10-01T08:29:24Z] [iter=1] PHASE END: enrich elapsed_s=481 elapsed_min=8.0 total_triples=21385
